
Found perl:
   /Users/jjpc/miniforge3/envs/mitnanex/bin/perl
   This is perl 5, version 32, subversion 1 (v5.32.1) built for darwin-thread-multi-2level

Found java:
   /Users/jjpc/miniforge3/envs/mitnanex/lib/jvm/bin/java
   openjdk version "21.0.1" 2023-10-17 LTS

Found canu:
   /Users/jjpc/miniforge3/envs/mitnanex/bin/canu
   canu 2.2

Running job 1 based on command line options.

Running block 000001 in query 000001

Running with these settings:
--filter-threshold = 1.0E-7
--help = false
--max-shift = 0.2
--min-olap-length = 500
--min-store-length = 0
--no-rc = false
--no-self = false
--no-tf = false
--num-hashes = 256
--num-min-matches = 3
--num-threads = 8
--ordered-kmer-size = 14
--ordered-sketch-size = 1000
--repeat-idf-scale = 10.0
--repeat-weight = 0.9
--settings = 0
--store-full-id = true
--supress-noise = 0
--threshold = 0.8
--version = false
-f = 
-h = false
-k = 16
-p = 
-q = queries/000001
-s = ./blocks/000001.dat

Processing files for storage in reverse index...
Current # sequences loaded and processed from file: 5000...
Current # sequences stored: 5000...
Stored 5864 sequences in the index.
Processed 5864 unique sequences (fwd and rev).
Time (s) to read and hash from file: 0.546183375
Time (s) to score and output to self: 10.875357541000001
Total scoring time (s): 10.87867025
Total time (s): 11.425470709
MinHash search time (s): 3.4070041900000003
Total matches found: 698857
Average number of matches per lookup: 238.3550477489768
Average number of table elements processed per lookup: 14066.597544338336
Average number of table elements processed per match: 59.015312145403136
Average % of hashed sequences hit per lookup: 22.122969435443494
Average % of hashed sequences hit that are matches: 18.373291808383353
Average % of hashed sequences fully compared that are matches: 95.57959894854604
