
Found perl:
   /Users/jjpc/miniforge3/envs/mitnanex/bin/perl
   This is perl 5, version 32, subversion 1 (v5.32.1) built for darwin-thread-multi-2level

Found java:
   /Users/jjpc/miniforge3/envs/mitnanex/lib/jvm/bin/java
   openjdk version "21.0.1" 2023-10-17 LTS

Found canu:
   /Users/jjpc/miniforge3/envs/mitnanex/bin/canu
   canu 2.2

Running job 1 based on command line options.
/Users/jjpc/Documents/TESIS/MITNANEX_PROJECT/test/c_aaseri/mitnanex_results/canu_correction/correction/1-overlapper
Opened seqStore '../../c_aaseri_ERR10466724_collected_reads.seqStore' for 'raw' reads.
Dumping raw reads from 1 to 8231 (inclusive).

Starting mhap precompute.

Running with these settings:
--filter-threshold = 1.0E-7
--help = false
--max-shift = 0.2
--min-olap-length = 500
--min-store-length = 0
--no-rc = false
--no-self = false
--no-tf = false
--num-hashes = 256
--num-min-matches = 3
--num-threads = 8
--ordered-kmer-size = 14
--ordered-sketch-size = 1000
--repeat-idf-scale = 10.0
--repeat-weight = 0.9
--settings = 0
--store-full-id = true
--supress-noise = 0
--threshold = 0.8
--version = false
-f = ../../0-mercounts/c_aaseri_ERR10466724_collected_reads.ms16.ignore.gz
-h = false
-k = 16
-p = ./000001.input.fasta
-q = .
-s = 

Reading in filter file ../../0-mercounts/c_aaseri_ERR10466724_collected_reads.ms16.ignore.gz.
Read in values for repeat 0 and 0
Warning, k-mer filter file has zero elements.
Initializing
Initialized
Time (s) to read filter file: 0.10780695800000001
Read in k-mer filter for sizes: []
Processing FASTA files for binary compression...
Current # sequences loaded and processed from file: 5000...
Processed 5864 sequences (fwd and rev).
Read, hashed, and stored file ./000001.input.fasta to ./000001.input.dat.
Time (s): 17.622644708000003
Total time (s): 17.623002833
