[samfaipath] build FASTA index...
[M::mm_idx_gen::0.003*2.56] collected minimizers
[M::mm_idx_gen::0.005*4.01] sorted minimizers
[M::main::0.005*3.95] loaded/built the index for 4 target sequence(s)
[M::mm_mapopt_update::0.005*3.71] mid_occ = 10
[M::mm_idx_stat] kmer size: 17; skip: 10; is_hpc: 0; #seq: 4
[M::mm_idx_stat::0.006*3.56] distinct minimizers: 15843 (96.06% are singletons); average occurrences: 1.051; average spacing: 5.492; total length: 91420
[M::worker_pipeline::0.018*2.81] mapped 4 sequences
[M::main] Version: 2.24-r1155-dirty
[M::main] CMD: flye-minimap2 -x map-ont -t 8 -k 17 -a -p 0.5 -N 10 --sam-hit-only -L -K 1G -z 1000 -Q --secondary-seq -I 64G /Users/jjpc/Documents/TESIS/MITNANEX_PROJECT/test/c_aaseri/mitnanex_results/c_aaseri_ERR10466724_flye_asm/40-polishing/filtered_contigs.fasta /Users/jjpc/Documents/TESIS/MITNANEX_PROJECT/test/c_aaseri/mitnanex_results/c_aaseri_ERR10466724_flye_asm/30-contigger/graph_final.fasta
[M::main] Real time: 0.019 sec; CPU: 0.051 sec; Peak RSS: 0.009 GB
