[samfaipath] build FASTA index...
[M::mm_idx_gen::0.002*3.77] collected minimizers
[M::mm_idx_gen::0.003*4.55] sorted minimizers
[M::main::0.003*4.52] loaded/built the index for 1 target sequence(s)
[M::mm_mapopt_update::0.003*4.27] mid_occ = 10
[M::mm_idx_stat] kmer size: 17; skip: 10; is_hpc: 0; #seq: 1
[M::mm_idx_stat::0.003*4.08] distinct minimizers: 5926 (98.92% are singletons); average occurrences: 1.021; average spacing: 5.528; total length: 33436
[M::worker_pipeline::0.139*6.67] mapped 209 sequences
[M::main] Version: 2.24-r1155-dirty
[M::main] CMD: flye-minimap2 -x map-ont -t 8 -k 17 -a -p 0.5 -N 10 --sam-hit-only -L -K 1G -z 1000 -Q --secondary-seq -I 64G /Users/jjpc/Documents/TESIS/MITNANEX_PROJECT/test/c_aaseri/mitnanex_results/c_aaseri_ERR10466724flye_asm_polish_canuCorrected/polished_2.fasta /Users/jjpc/Documents/TESIS/MITNANEX_PROJECT/test/c_aaseri/mitnanex_results/c_aaseri_ERR10466724_collected_reads.correctedReads.fasta
[M::main] Real time: 0.140 sec; CPU: 0.928 sec; Peak RSS: 0.070 GB
[bam_sort_core] merging from 0 files and 4 in-memory blocks...
