[M::mm_idx_gen::0.011*1.41] collected minimizers
[M::mm_idx_gen::0.015*2.50] sorted minimizers
[M::main::0.015*2.49] loaded/built the index for 26 target sequence(s)
[M::mm_mapopt_update::0.016*2.38] mid_occ = 17
[M::mm_idx_stat] kmer size: 17; skip: 10; is_hpc: 0; #seq: 26
[M::mm_idx_stat::0.017*2.32] distinct minimizers: 66906 (88.62% are singletons); average occurrences: 1.213; average spacing: 5.372; total length: 435840
[samfaipath] build FASTA index...
[M::worker_pipeline::7.857*7.39] mapped 8446 sequences
[M::main] Version: 2.24-r1155-dirty
[M::main] CMD: flye-minimap2 -x map-ont -t 8 -k 17 -a -p 0.5 -N 10 --sam-hit-only -L -K 1G -z 1000 -Q --secondary-seq -I 64G /Users/jjpc/Documents/TESIS/MITNANEX_PROJECT/test/c_aaseri/mitnanex_results/c_aaseri_ERR10466724_flye_asm/00-assembly/draft_assembly.fasta /Users/jjpc/Documents/TESIS/MITNANEX_PROJECT/test/c_aaseri/mitnanex_results/c_aaseri_ERR10466724_collected_reads.filtlong.fastq
[M::main] Real time: 7.859 sec; CPU: 58.085 sec; Peak RSS: 0.371 GB
[bam_sort_core] merging from 0 files and 4 in-memory blocks...
